{
    "1": {
        "value": "111"
    },
    "0": {
        "value": "222"
    }
}