{
    "100::0::foo": 0,
    "100::1::bar": 1,
    "100::2::baz": 2,
    "100::3::foo": 3
}