{
    "5::0::foo_qwe": 0,
    "5::1::bar_rty": 1,
    "5::2::baz_asd": 2
}