{
    "2::0::123": 0,
    "2::1::234": 1,
    "2::2::345": 2
}