{
    "2": "{\"id\":3,\"value\":\"baz\"}",
    "0": "{\"id\":1,\"value\":\"foo\"}",
    "1": "{\"id\":2,\"value\":\"bar\"}"
}