{
    "2": "345",
    "0": "123",
    "1": "234"
}