{
    "2": "{\"value\":\"baz\"}",
    "0": "{\"value\":\"foo\"}",
    "1": "{\"value\":\"bar\"}"
}