{
    "2": "baz",
    "0": "foo",
    "1": "bar"
}