{
    "1": {
        "some": "111"
    },
    "0": {
        "some": "222"
    }
}