{
    "1": {
        "id": 2,
        "some": "111"
    },
    "0": {
        "id": 1,
        "some": "222"
    }
}