{
    "138": "XXS",
    "75": "XXS\/XS",
    "161": "XS",
    "160": "XS\/S",
    "162": "S",
    "10": "S - M",
    "30": "S\/M",
    "115": "M",
    "158": "M\/L",
    "116": "L",
    "139": "L\/XL",
    "113": "XL",
    "2": "XL\/2XL",
    "114": "XXL",
    "101": "2XL",
    "1": "XXXL",
    "128": "1",
    "129": "2",
    "130": "3",
    "135": "17",
    "74": "17-18",
    "136": "18",
    "56": "19",
    "147": "19-21",
    "93": "20",
    "141": "21-23",
    "68": "23",
    "148": "23-25",
    "28": "23-26",
    "127": "25",
    "140": "26",
    "142": "28",
    "143": "30",
    "151": "32",
    "152": "34",
    "55": "35-37",
    "103": "36",
    "41": "36-37",
    "153": "36-38",
    "104": "37",
    "125": "37-38",
    "105": "38",
    "88": "38-39",
    "60": "38-40",
    "108": "39",
    "154": "39-41",
    "109": "40",
    "89": "40-41",
    "112": "41",
    "137": "41-43",
    "37": "42",
    "78": "43",
    "117": "44",
    "118": "45",
    "17": "46",
    "18": "48",
    "19": "50",
    "20": "52",
    "81": "54",
    "123": "70B",
    "86": "70C",
    "124": "75A",
    "126": "75B",
    "131": "75C",
    "133": "80B",
    "102": "80C",
    "119": "80D",
    "134": "85B",
    "120": "85C",
    "79": "8.5*5.5 \u0441\u043c",
    "22": "9,5*6,5*1 \u0441\u043c",
    "44": "9,5\u04457\u04450,5 \u0441\u043c",
    "85": "10*8*0,5 \u0441\u043c",
    "46": "18 \u0441\u043c",
    "71": "18\u044515 \u0441\u043c",
    "155": "20x20 \u0441\u043c",
    "70": "22x14x5 \u0441\u043c",
    "6": "24\u044517\u04459 \u0441\u043c",
    "82": "25\u044515\u04457 \u0441\u043c",
    "9": "25x25x6 \u0441\u043c",
    "36": "26\u044512\u04456 \u0441\u043c",
    "42": "28*5*18 \u0441\u043c",
    "39": "30x12x10 \u0441\u043c",
    "23": "30\u044522\u044513 \u0441\u043c",
    "110": "30\u044525\u04457 \u0441\u043c",
    "95": "33x25x8 \u0441\u043c",
    "59": "35*21*10 \u0441\u043c",
    "14": "35\u044522\u044512 \u0441\u043c",
    "92": "35*40 \u0441\u043c",
    "69": "36x35x12 \u0441\u043c",
    "106": "38\u044516\u044514 \u0441\u043c",
    "87": "39\u044529\u044515 \u0441\u043c",
    "144": "40x27x13 \u0441\u043c",
    "35": "40x30x11 \u0441\u043c",
    "53": "40\u044530\u044513 \u0441\u043c",
    "100": "40*36.5*13\u0441\u043c",
    "91": "42\u044532\u044512 \u0441\u043c",
    "12": "42\u044536\u044510 \u0441\u043c",
    "77": "42\u044541\u04457 \u0441\u043c",
    "111": "43\u044526\u044511 \u0441\u043c",
    "25": "43*28*14 \u0441\u043c",
    "54": "43x30x15 \u0441\u043c",
    "96": "44\u044535 \u0441\u043c",
    "3": "45x30x10 \u0441\u043c",
    "66": "45x32 \u0441\u043c",
    "107": "45x34 \u0441\u043c",
    "29": "46\u044540\u044515\u0441\u043c ",
    "48": "46\u044540\u044515 \u0441\u043c",
    "34": "48\u044534 \u0441\u043c",
    "24": "49\u044532\u044511 \u0441\u043c",
    "76": "50\u044528\u044510 \u0441\u043c",
    "83": "50\u044535 \u0441\u043c",
    "43": "50x35x12 \u0441\u043c",
    "132": "50x40x20 \u0441\u043c",
    "58": "50*45*45 \u0441\u043c",
    "8": "50\u044570, 215\u0445145 \u0441\u043c",
    "38": "52x23 \u0441\u043c",
    "47": "52x45x8 \u0441\u043c",
    "51": "55,5*9,5*25cm",
    "11": "56-58 cm ",
    "26": "58 cm",
    "45": "58.5*48*22 \u0441\u043c",
    "90": "60\u044530\u044520 \u0441\u043c",
    "72": "60\u044535\u044517 \u0441\u043c",
    "156": "60\u042536.5 \u0441\u043c",
    "84": "60x38x16 \u0441\u043c",
    "49": "66 \u0441\u043c",
    "94": "72,5*72,5 \u0441\u043c",
    "61": "80 \u0441\u043c",
    "4": "90 \u0441\u043c",
    "157": "100 \u0441\u043c",
    "16": "104 \u0441\u043c",
    "149": "105 \u0441\u043c",
    "32": "107 cm",
    "97": "107 \u0441\u043c",
    "159": "110 \u0441\u043c",
    "146": "115 \u0441\u043c",
    "98": "118 \u0441\u043c",
    "21": "120 \u0441\u043c",
    "121": "120\u044555 \u0441\u043c",
    "150": "125 \u0441\u043c",
    "7": "140\u0445200 \u0441\u043c ",
    "62": "180\u044514 \u0441\u043c",
    "5": "200\u044521 \u0441\u043c",
    "15": "17 \u043c\u043c ",
    "65": "17 \u043c\u043c",
    "67": "18 \u043c\u043c",
    "64": "20 \u043c\u043b",
    "33": "30 \u043c\u043b",
    "80": "50 \u043c\u043b",
    "164": "300 \u043c\u043b",
    "165": "440 \u043c\u043b",
    "57": "460 \u043c\u043b",
    "27": "8 \u0448\u0442",
    "163": "90 \u043b\u0438\u0441\u0442\u043e\u0432, 14*12 \u0441\u043c",
    "122": "90 \u043b\u0438\u0441\u0442\u043e\u0432, 18*16 \u0441\u043c",
    "99": "90 \u043b\u0438\u0441\u0442\u043e\u0432, 21*14.7 \u0441\u043c",
    "0": "\u043c\u044f\u0433\u043a\u0430\u044f \u0449\u0435\u0442\u0438\u043d\u0430",
    "63": "\u041e\u0414 \u0418\u041d \u0420\u0410\u0417\u041c\u0415\u0420",
    "13": "\u041e\u0414\u0418\u041d \u0420\u0410\u0417\u041c\u0415\u0420",
    "73": "\u041e\u0434\u0438\u043d \u0440\u0430\u0437\u043c\u0435\u0440",
    "40": "\u041e\u0414\u0418\u041d \u0420\u0410\u0417\u041c\u0415\u0420 (170\/88\/92)",
    "50": "\u041e\u0414\u0418\u041d \u0420\u0410\u0417\u041c\u0415\u0420 (170-88-96)",
    "31": "One size",
    "52": "ONE SIZE ",
    "145": "ONE SIZE"
}