{
    "159": "2xs",
    "105": "XXS",
    "138": "XXS",
    "122": "XXS-XS",
    "137": "XXS\/XS",
    "108": "XS",
    "114": "XS\/S",
    "109": "S",
    "127": "S\/M",
    "110": "M",
    "115": "M\/L",
    "111": "L",
    "112": "L\/XL",
    "103": "XL",
    "113": "XL\/2XL",
    "100": "XXL",
    "158": "2xl",
    "157": "3xl",
    "132": "1",
    "106": "2",
    "150": "3",
    "149": "21",
    "101": 26,
    "102": 28,
    "133": "30",
    "134": "32",
    "135": "34",
    "121": "36",
    "123": 37,
    "124": 38,
    "125": "39",
    "126": "40",
    "130": "44-46",
    "136": "44\/46",
    "139": "52-56",
    "107": "54",
    "146": "90\/94",
    "147": "94-98",
    "148": "98-102",
    "140": "102-104",
    "141": "102-106",
    "142": "102\/106",
    "143": "106",
    "145": "110-112",
    "144": "110-114",
    "118": "70B",
    "129": "70C",
    "119": "75A",
    "120": "75B",
    "117": "75C",
    "116": "80B",
    "156": "39\u044538\u044515 \u0441\u043c",
    "152": "40\u044537\u044519 \u0441\u043c",
    "153": "40\u044537\u044520 \u0441\u043c",
    "154": "40\u044538\u044515 \u0441\u043c",
    "128": "40\u044538\u044519 \u0441\u043c",
    "151": "40\u044538\u044519 sm",
    "155": "41\u044538\u044515 \u0441\u043c",
    "104": "ONE SIZE",
    "131": "some"
}